

================================================================
== Vivado HLS Report for 'conv2d'
================================================================
* Date:           Thu Dec 12 14:21:53 2024

* Version:        2018.1 (Build 2188600 on Wed Apr 04 19:04:02 MDT 2018)
* Project:        conv2d
* Solution:       solution9
* Product family: zynq
* Target device:  xc7z045ffg900-2


================================================================
== Performance Estimates
================================================================
+ Timing (ns): 
    * Summary: 
    +--------+-------+----------+------------+
    |  Clock | Target| Estimated| Uncertainty|
    +--------+-------+----------+------------+
    |ap_clk  |  10.00|      8.42|        1.25|
    +--------+-------+----------+------------+

+ Latency (clock cycles): 
    * Summary: 
    +-----+-----+-----+-----+---------+
    |  Latency  |  Interval | Pipeline|
    | min | max | min | max |   Type  |
    +-----+-----+-----+-----+---------+
    |   48|   48|   48|   48|   none  |
    +-----+-----+-----+-----+---------+

    + Detail: 
        * Instance: 
        N/A

        * Loop: 
        +-----------+-----+-----+----------+-----------+-----------+------+----------+
        |           |  Latency  | Iteration|  Initiation Interval  | Trip |          |
        | Loop Name | min | max |  Latency |  achieved |   target  | Count| Pipelined|
        +-----------+-----+-----+----------+-----------+-----------+------+----------+
        |- Row_Col  |   46|   46|         7|          5|          1|     9|    yes   |
        +-----------+-----+-----+----------+-----------+-----------+------+----------+

============================================================
+ Verbose Summary: Synthesis Manager
============================================================
InlineROM: 1
ExposeGlobal: 0
============================================================
+ Verbose Summary: CDFG Model
============================================================
IsTopModel: 1
ResetActiveHigh: 1
IsCombinational: 0
IsDatapathOnly: 0
HasWiredReturn: 1
HasMFsm: 0
HasVarLatency: 1
IsPipeline: 0
IsRtlPipelined: 0
IsInstanceOverlapped: 0
IsDontTouch: 0
HasImplIP: 0
IsGatedGlobalClock: 0

+ Individual pipeline summary: 
  * Pipeline-0: initiation interval (II) = 5, depth = 7


============================================================
+ Verbose Summary: Schedule
============================================================
* Number of FSM states : 9
* Pipeline : 1
  Pipeline-0 : II = 5, D = 7, States = { 2 3 4 5 6 7 8 }
* Dataflow Pipeline: 0

* FSM state transitions: 
1 --> 
	2  / true
2 --> 
	9  / (exitcond_flatten)
	3  / (!exitcond_flatten)
3 --> 
	4  / true
4 --> 
	5  / true
5 --> 
	6  / true
6 --> 
	7  / true
7 --> 
	8  / true
8 --> 
	2  / true
9 --> 

* FSM state operations: 

 <State 1> : 1.30ns
ST_1 : Operation 10 [1/1] (0.00ns)   --->   "call void (...)* @_ssdm_op_SpecBitsMap([3 x i8]* %b_2), !map !7"
ST_1 : Operation 11 [1/1] (0.00ns)   --->   "call void (...)* @_ssdm_op_SpecBitsMap([3 x i8]* %b_1), !map !14"
ST_1 : Operation 12 [1/1] (0.00ns)   --->   "call void (...)* @_ssdm_op_SpecBitsMap([3 x i8]* %b_0), !map !20"
ST_1 : Operation 13 [1/1] (0.00ns)   --->   "call void (...)* @_ssdm_op_SpecBitsMap([25 x i8]* %a), !map !26"
ST_1 : Operation 14 [1/1] (0.00ns)   --->   "call void (...)* @_ssdm_op_SpecBitsMap([9 x i16]* %res), !map !32"
ST_1 : Operation 15 [1/1] (0.00ns)   --->   "call void (...)* @_ssdm_op_SpecTopModule([7 x i8]* @conv2d_str) nounwind"
ST_1 : Operation 16 [1/1] (0.00ns)   --->   "%b_0_addr = getelementptr [3 x i8]* %b_0, i64 0, i64 0"
ST_1 : Operation 17 [1/1] (0.00ns)   --->   "%b_1_addr = getelementptr [3 x i8]* %b_1, i64 0, i64 0"
ST_1 : Operation 18 [1/1] (0.00ns)   --->   "%b_2_addr = getelementptr [3 x i8]* %b_2, i64 0, i64 0"
ST_1 : Operation 19 [1/1] (0.00ns)   --->   "%b_0_addr_1 = getelementptr [3 x i8]* %b_0, i64 0, i64 1"
ST_1 : Operation 20 [1/1] (0.00ns)   --->   "%b_1_addr_1 = getelementptr [3 x i8]* %b_1, i64 0, i64 1"
ST_1 : Operation 21 [1/1] (0.00ns)   --->   "%b_2_addr_1 = getelementptr [3 x i8]* %b_2, i64 0, i64 1"
ST_1 : Operation 22 [1/1] (0.00ns)   --->   "%b_0_addr_2 = getelementptr [3 x i8]* %b_0, i64 0, i64 2"
ST_1 : Operation 23 [1/1] (0.00ns)   --->   "%b_1_addr_2 = getelementptr [3 x i8]* %b_1, i64 0, i64 2"
ST_1 : Operation 24 [1/1] (0.00ns)   --->   "%b_2_addr_2 = getelementptr [3 x i8]* %b_2, i64 0, i64 2"
ST_1 : Operation 25 [1/1] (1.30ns)   --->   "br label %1" [conv2d.cpp:9]

 <State 2> : 8.42ns
ST_2 : Operation 26 [1/1] (0.00ns)   --->   "%indvar_flatten = phi i4 [ 0, %0 ], [ %indvar_flatten_next, %.reset ]"
ST_2 : Operation 27 [1/1] (0.00ns)   --->   "%i = phi i2 [ 0, %0 ], [ %tmp_mid2, %.reset ]" [conv2d.cpp:13]
ST_2 : Operation 28 [1/1] (0.00ns)   --->   "%j = phi i2 [ 0, %0 ], [ %j_1, %.reset ]"
ST_2 : Operation 29 [1/1] (1.27ns)   --->   "%i_1 = add i2 %i, 1" [conv2d.cpp:16]   --->   Core 14 'AddSub' <Latency = 0> <II = 1> <Delay = 1.72> <FuncUnit> <Opcode : 'add' 'sub'> <InPorts = 2> <OutPorts = 1>
ST_2 : Operation 30 [1/1] (1.09ns)   --->   "%exitcond_flatten = icmp eq i4 %indvar_flatten, -7"   --->   Core 25 'Cmp' <Latency = 0> <II = 1> <Delay = 0.89> <FuncUnit> <Opcode : 'icmp'> <InPorts = 2> <OutPorts = 1>
ST_2 : Operation 31 [1/1] (0.00ns)   --->   "%empty = call i32 (...)* @_ssdm_op_SpecLoopTripCount(i64 9, i64 9, i64 9)"
ST_2 : Operation 32 [1/1] (1.52ns)   --->   "%indvar_flatten_next = add i4 %indvar_flatten, 1"   --->   Core 14 'AddSub' <Latency = 0> <II = 1> <Delay = 1.72> <FuncUnit> <Opcode : 'add' 'sub'> <InPorts = 2> <OutPorts = 1>
ST_2 : Operation 33 [1/1] (0.00ns)   --->   "br i1 %exitcond_flatten, label %2, label %.reset"
ST_2 : Operation 34 [1/1] (0.89ns)   --->   "%exitcond = icmp eq i2 %j, -1" [conv2d.cpp:11]   --->   Core 25 'Cmp' <Latency = 0> <II = 1> <Delay = 0.89> <FuncUnit> <Opcode : 'icmp'> <InPorts = 2> <OutPorts = 1>
ST_2 : Operation 35 [1/1] (0.81ns)   --->   "%j_mid2 = select i1 %exitcond, i2 0, i2 %j" [conv2d.cpp:11]   --->   Core 26 'Sel' <Latency = 0> <II = 1> <Delay = 0.81> <FuncUnit> <Opcode : 'select'> <InPorts = 3> <OutPorts = 1>
ST_2 : Operation 36 [1/1] (0.81ns)   --->   "%tmp_mid2 = select i1 %exitcond, i2 %i_1, i2 %i" [conv2d.cpp:13]   --->   Core 26 'Sel' <Latency = 0> <II = 1> <Delay = 0.81> <FuncUnit> <Opcode : 'select'> <InPorts = 3> <OutPorts = 1>
ST_2 : Operation 37 [1/1] (0.00ns) (grouped into LUT with out node tmp_8_1_mid2)   --->   "%tmp_7_1_mid1 = xor i2 %i, -2" [conv2d.cpp:16]   --->   Core 27 'LogicGate' <Latency = 0> <II = 1> <Delay = 0.80> <FuncUnit> <Opcode : 'and' 'or' 'xor'> <InPorts = 2> <OutPorts = 1>
ST_2 : Operation 38 [1/1] (0.81ns) (out node of the LUT)   --->   "%tmp_8_1_mid2 = select i1 %exitcond, i2 %tmp_7_1_mid1, i2 %i_1" [conv2d.cpp:16]   --->   Core 26 'Sel' <Latency = 0> <II = 1> <Delay = 0.81> <FuncUnit> <Opcode : 'select'> <InPorts = 3> <OutPorts = 1>
ST_2 : Operation 39 [1/1] (0.00ns)   --->   "%tmp_8_2_mid2_v_v = zext i2 %tmp_mid2 to i3" [conv2d.cpp:16]
ST_2 : Operation 40 [1/1] (1.39ns)   --->   "%tmp_8_2_mid2_v = add i3 %tmp_8_2_mid2_v_v, 2" [conv2d.cpp:16]   --->   Core 14 'AddSub' <Latency = 0> <II = 1> <Delay = 1.72> <FuncUnit> <Opcode : 'add' 'sub'> <InPorts = 2> <OutPorts = 1>
ST_2 : Operation 41 [1/1] (0.00ns)   --->   "%tmp_8_2_mid2_cast = zext i3 %tmp_8_2_mid2_v to i6" [conv2d.cpp:16]
ST_2 : Operation 42 [1/1] (0.00ns)   --->   "%tmp_7 = call i5 @_ssdm_op_BitConcatenate.i5.i3.i2(i3 %tmp_8_2_mid2_v, i2 0)" [conv2d.cpp:16]
ST_2 : Operation 43 [1/1] (0.00ns)   --->   "%p_shl_cast = zext i5 %tmp_7 to i6" [conv2d.cpp:16]
ST_2 : Operation 44 [1/1] (1.56ns)   --->   "%tmp_9 = add i6 %p_shl_cast, %tmp_8_2_mid2_cast" [conv2d.cpp:16]   --->   Core 14 'AddSub' <Latency = 0> <II = 1> <Delay = 1.72> <FuncUnit> <Opcode : 'add' 'sub'> <InPorts = 2> <OutPorts = 1>
ST_2 : Operation 45 [1/1] (0.00ns)   --->   "%tmp_4_cast8 = zext i2 %j_mid2 to i3" [conv2d.cpp:16]
ST_2 : Operation 46 [2/2] (1.75ns)   --->   "%b_0_load = load i8* %b_0_addr, align 1" [conv2d.cpp:16]   --->   Core 37 'RAM' <Latency = 1> <II = 1> <Delay = 1.75> <Storage> <Opcode : 'load' 'store'> <Ports = 2> <Width = 16> <Depth = 9> <RAM>
ST_2 : Operation 47 [1/1] (1.27ns)   --->   "%j_1 = add i2 %j_mid2, 1" [conv2d.cpp:16]   --->   Core 14 'AddSub' <Latency = 0> <II = 1> <Delay = 1.72> <FuncUnit> <Opcode : 'add' 'sub'> <InPorts = 2> <OutPorts = 1>
ST_2 : Operation 48 [1/1] (0.00ns)   --->   "%tmp_5_0_1_cast = zext i2 %j_1 to i6" [conv2d.cpp:16]
ST_2 : Operation 49 [1/1] (1.61ns)   --->   "%tmp_16 = add i6 %tmp_5_0_1_cast, %tmp_9" [conv2d.cpp:16]   --->   Core 14 'AddSub' <Latency = 0> <II = 1> <Delay = 1.72> <FuncUnit> <Opcode : 'add' 'sub'> <InPorts = 2> <OutPorts = 1>
ST_2 : Operation 50 [1/1] (0.00ns)   --->   "%tmp_19_cast = zext i6 %tmp_16 to i64" [conv2d.cpp:16]
ST_2 : Operation 51 [1/1] (0.00ns)   --->   "%a_addr_7 = getelementptr [25 x i8]* %a, i64 0, i64 %tmp_19_cast" [conv2d.cpp:16]
ST_2 : Operation 52 [2/2] (1.75ns)   --->   "%b_1_load = load i8* %b_1_addr, align 1" [conv2d.cpp:16]   --->   Core 37 'RAM' <Latency = 1> <II = 1> <Delay = 1.75> <Storage> <Opcode : 'load' 'store'> <Ports = 2> <Width = 16> <Depth = 9> <RAM>
ST_2 : Operation 53 [1/1] (1.39ns)   --->   "%tmp_2_0_2 = add i3 %tmp_4_cast8, 2" [conv2d.cpp:16]   --->   Core 14 'AddSub' <Latency = 0> <II = 1> <Delay = 1.72> <FuncUnit> <Opcode : 'add' 'sub'> <InPorts = 2> <OutPorts = 1>
ST_2 : Operation 54 [1/1] (0.00ns)   --->   "%tmp_5_0_2_cast = zext i3 %tmp_2_0_2 to i6" [conv2d.cpp:16]
ST_2 : Operation 55 [1/1] (1.61ns)   --->   "%tmp_19 = add i6 %tmp_5_0_2_cast, %tmp_9" [conv2d.cpp:16]   --->   Core 14 'AddSub' <Latency = 0> <II = 1> <Delay = 1.72> <FuncUnit> <Opcode : 'add' 'sub'> <InPorts = 2> <OutPorts = 1>
ST_2 : Operation 56 [1/1] (0.00ns)   --->   "%tmp_22_cast = zext i6 %tmp_19 to i64" [conv2d.cpp:16]
ST_2 : Operation 57 [1/1] (0.00ns)   --->   "%a_addr_8 = getelementptr [25 x i8]* %a, i64 0, i64 %tmp_22_cast" [conv2d.cpp:16]
ST_2 : Operation 58 [2/2] (1.75ns)   --->   "%b_2_load = load i8* %b_2_addr, align 1" [conv2d.cpp:16]   --->   Core 37 'RAM' <Latency = 1> <II = 1> <Delay = 1.75> <Storage> <Opcode : 'load' 'store'> <Ports = 2> <Width = 16> <Depth = 9> <RAM>
ST_2 : Operation 59 [2/2] (1.75ns)   --->   "%b_0_load_1 = load i8* %b_0_addr_1, align 1" [conv2d.cpp:16]   --->   Core 37 'RAM' <Latency = 1> <II = 1> <Delay = 1.75> <Storage> <Opcode : 'load' 'store'> <Ports = 2> <Width = 16> <Depth = 9> <RAM>
ST_2 : Operation 60 [2/2] (1.75ns)   --->   "%a_load_7 = load i8* %a_addr_7, align 1" [conv2d.cpp:16]   --->   Core 37 'RAM' <Latency = 1> <II = 1> <Delay = 1.75> <Storage> <Opcode : 'load' 'store'> <Ports = 2> <Width = 16> <Depth = 9> <RAM>
ST_2 : Operation 61 [2/2] (1.75ns)   --->   "%b_1_load_2 = load i8* %b_1_addr_2, align 1" [conv2d.cpp:16]   --->   Core 37 'RAM' <Latency = 1> <II = 1> <Delay = 1.75> <Storage> <Opcode : 'load' 'store'> <Ports = 2> <Width = 16> <Depth = 9> <RAM>
ST_2 : Operation 62 [2/2] (1.75ns)   --->   "%a_load_8 = load i8* %a_addr_8, align 1" [conv2d.cpp:16]   --->   Core 37 'RAM' <Latency = 1> <II = 1> <Delay = 1.75> <Storage> <Opcode : 'load' 'store'> <Ports = 2> <Width = 16> <Depth = 9> <RAM>
ST_2 : Operation 63 [2/2] (1.75ns)   --->   "%b_2_load_2 = load i8* %b_2_addr_2, align 1" [conv2d.cpp:16]   --->   Core 37 'RAM' <Latency = 1> <II = 1> <Delay = 1.75> <Storage> <Opcode : 'load' 'store'> <Ports = 2> <Width = 16> <Depth = 9> <RAM>

 <State 3> : 8.10ns
ST_3 : Operation 64 [1/1] (0.00ns)   --->   "%tmp_mid2_cast1 = zext i2 %tmp_mid2 to i6" [conv2d.cpp:13]
ST_3 : Operation 65 [1/1] (0.00ns)   --->   "%tmp_mid2_cast = zext i2 %tmp_mid2 to i5" [conv2d.cpp:13]
ST_3 : Operation 66 [1/1] (0.00ns)   --->   "%tmp = call i4 @_ssdm_op_BitConcatenate.i4.i2.i2(i2 %tmp_mid2, i2 0)" [conv2d.cpp:13]
ST_3 : Operation 67 [1/1] (0.00ns)   --->   "%p_shl3_cast1 = zext i4 %tmp to i6" [conv2d.cpp:16]
ST_3 : Operation 68 [1/1] (0.00ns)   --->   "%p_shl3_cast = zext i4 %tmp to i5" [conv2d.cpp:16]
ST_3 : Operation 69 [1/1] (1.52ns)   --->   "%tmp_6 = add i6 %p_shl3_cast1, %tmp_mid2_cast1" [conv2d.cpp:16]   --->   Core 14 'AddSub' <Latency = 0> <II = 1> <Delay = 1.72> <FuncUnit> <Opcode : 'add' 'sub'> <InPorts = 2> <OutPorts = 1>
ST_3 : Operation 70 [1/1] (0.00ns) (grouped into TernaryAdder)   --->   "%tmp_8 = sub i5 %p_shl3_cast, %tmp_mid2_cast" [conv2d.cpp:13]   --->   Core 80 'TAddSub' <Latency = 0> <II = 1> <Delay = 1.59> <IPBlock> <Opcode : 'add' 'sub'> <InPorts = 3> <OutPorts = 1> <Sync> <CReg>
ST_3 : Operation 71 [1/1] (0.00ns)   --->   "%tmp_8_1_mid2_cast9 = zext i2 %tmp_8_1_mid2 to i6" [conv2d.cpp:16]
ST_3 : Operation 72 [1/1] (0.00ns)   --->   "%tmp_2 = call i4 @_ssdm_op_BitConcatenate.i4.i2.i2(i2 %tmp_8_1_mid2, i2 0)" [conv2d.cpp:16]
ST_3 : Operation 73 [1/1] (0.00ns)   --->   "%p_shl1_cast = zext i4 %tmp_2 to i6" [conv2d.cpp:16]
ST_3 : Operation 74 [1/1] (1.52ns)   --->   "%tmp_3 = add i6 %p_shl1_cast, %tmp_8_1_mid2_cast9" [conv2d.cpp:16]   --->   Core 14 'AddSub' <Latency = 0> <II = 1> <Delay = 1.72> <FuncUnit> <Opcode : 'add' 'sub'> <InPorts = 2> <OutPorts = 1>
ST_3 : Operation 75 [1/1] (0.00ns)   --->   "%tmp_3_cast8 = zext i2 %j_mid2 to i5" [conv2d.cpp:16]
ST_3 : Operation 76 [1/1] (0.00ns)   --->   "%tmp_3_cast = zext i2 %j_mid2 to i6" [conv2d.cpp:16]
ST_3 : Operation 77 [1/1] (1.56ns)   --->   "%tmp_10 = add i6 %tmp_3_cast, %tmp_6" [conv2d.cpp:16]   --->   Core 14 'AddSub' <Latency = 0> <II = 1> <Delay = 1.72> <FuncUnit> <Opcode : 'add' 'sub'> <InPorts = 2> <OutPorts = 1>
ST_3 : Operation 78 [1/1] (0.00ns)   --->   "%tmp_13_cast = zext i6 %tmp_10 to i64" [conv2d.cpp:16]
ST_3 : Operation 79 [1/1] (0.00ns)   --->   "%a_addr = getelementptr [25 x i8]* %a, i64 0, i64 %tmp_13_cast" [conv2d.cpp:16]
ST_3 : Operation 80 [1/1] (1.56ns)   --->   "%tmp_11 = add i6 %tmp_3_cast, %tmp_3" [conv2d.cpp:16]   --->   Core 14 'AddSub' <Latency = 0> <II = 1> <Delay = 1.72> <FuncUnit> <Opcode : 'add' 'sub'> <InPorts = 2> <OutPorts = 1>
ST_3 : Operation 81 [1/1] (1.61ns)   --->   "%tmp_12 = add i6 %tmp_3_cast, %tmp_9" [conv2d.cpp:16]   --->   Core 14 'AddSub' <Latency = 0> <II = 1> <Delay = 1.72> <FuncUnit> <Opcode : 'add' 'sub'> <InPorts = 2> <OutPorts = 1>
ST_3 : Operation 82 [1/1] (2.79ns) (root node of TernaryAdder)   --->   "%tmp_13 = add i5 %tmp_3_cast8, %tmp_8" [conv2d.cpp:13]   --->   Core 80 'TAddSub' <Latency = 0> <II = 1> <Delay = 1.59> <IPBlock> <Opcode : 'add' 'sub'> <InPorts = 3> <OutPorts = 1> <Sync> <CReg>
ST_3 : Operation 83 [2/2] (1.75ns)   --->   "%a_load = load i8* %a_addr, align 1" [conv2d.cpp:16]   --->   Core 37 'RAM' <Latency = 1> <II = 1> <Delay = 1.75> <Storage> <Opcode : 'load' 'store'> <Ports = 2> <Width = 16> <Depth = 9> <RAM>
ST_3 : Operation 84 [1/2] (1.75ns)   --->   "%b_0_load = load i8* %b_0_addr, align 1" [conv2d.cpp:16]   --->   Core 37 'RAM' <Latency = 1> <II = 1> <Delay = 1.75> <Storage> <Opcode : 'load' 'store'> <Ports = 2> <Width = 16> <Depth = 9> <RAM>
ST_3 : Operation 85 [1/1] (1.56ns)   --->   "%tmp_14 = add i6 %tmp_5_0_1_cast, %tmp_6" [conv2d.cpp:16]   --->   Core 14 'AddSub' <Latency = 0> <II = 1> <Delay = 1.72> <FuncUnit> <Opcode : 'add' 'sub'> <InPorts = 2> <OutPorts = 1>
ST_3 : Operation 86 [1/1] (0.00ns)   --->   "%tmp_17_cast = zext i6 %tmp_14 to i64" [conv2d.cpp:16]
ST_3 : Operation 87 [1/1] (0.00ns)   --->   "%a_addr_1 = getelementptr [25 x i8]* %a, i64 0, i64 %tmp_17_cast" [conv2d.cpp:16]
ST_3 : Operation 88 [1/1] (1.56ns)   --->   "%tmp_15 = add i6 %tmp_5_0_1_cast, %tmp_3" [conv2d.cpp:16]   --->   Core 14 'AddSub' <Latency = 0> <II = 1> <Delay = 1.72> <FuncUnit> <Opcode : 'add' 'sub'> <InPorts = 2> <OutPorts = 1>
ST_3 : Operation 89 [2/2] (1.75ns)   --->   "%a_load_1 = load i8* %a_addr_1, align 1" [conv2d.cpp:16]   --->   Core 37 'RAM' <Latency = 1> <II = 1> <Delay = 1.75> <Storage> <Opcode : 'load' 'store'> <Ports = 2> <Width = 16> <Depth = 9> <RAM>
ST_3 : Operation 90 [1/2] (1.75ns)   --->   "%b_1_load = load i8* %b_1_addr, align 1" [conv2d.cpp:16]   --->   Core 37 'RAM' <Latency = 1> <II = 1> <Delay = 1.75> <Storage> <Opcode : 'load' 'store'> <Ports = 2> <Width = 16> <Depth = 9> <RAM>
ST_3 : Operation 91 [1/1] (1.56ns)   --->   "%tmp_17 = add i6 %tmp_5_0_2_cast, %tmp_6" [conv2d.cpp:16]   --->   Core 14 'AddSub' <Latency = 0> <II = 1> <Delay = 1.72> <FuncUnit> <Opcode : 'add' 'sub'> <InPorts = 2> <OutPorts = 1>
ST_3 : Operation 92 [1/1] (1.56ns)   --->   "%tmp_18 = add i6 %tmp_5_0_2_cast, %tmp_3" [conv2d.cpp:16]   --->   Core 14 'AddSub' <Latency = 0> <II = 1> <Delay = 1.72> <FuncUnit> <Opcode : 'add' 'sub'> <InPorts = 2> <OutPorts = 1>
ST_3 : Operation 93 [1/2] (1.75ns)   --->   "%b_2_load = load i8* %b_2_addr, align 1" [conv2d.cpp:16]   --->   Core 37 'RAM' <Latency = 1> <II = 1> <Delay = 1.75> <Storage> <Opcode : 'load' 'store'> <Ports = 2> <Width = 16> <Depth = 9> <RAM>
ST_3 : Operation 94 [1/2] (1.75ns)   --->   "%b_0_load_1 = load i8* %b_0_addr_1, align 1" [conv2d.cpp:16]   --->   Core 37 'RAM' <Latency = 1> <II = 1> <Delay = 1.75> <Storage> <Opcode : 'load' 'store'> <Ports = 2> <Width = 16> <Depth = 9> <RAM>
ST_3 : Operation 95 [2/2] (1.75ns)   --->   "%b_1_load_1 = load i8* %b_1_addr_1, align 1" [conv2d.cpp:16]   --->   Core 37 'RAM' <Latency = 1> <II = 1> <Delay = 1.75> <Storage> <Opcode : 'load' 'store'> <Ports = 2> <Width = 16> <Depth = 9> <RAM>
ST_3 : Operation 96 [2/2] (1.75ns)   --->   "%b_2_load_1 = load i8* %b_2_addr_1, align 1" [conv2d.cpp:16]   --->   Core 37 'RAM' <Latency = 1> <II = 1> <Delay = 1.75> <Storage> <Opcode : 'load' 'store'> <Ports = 2> <Width = 16> <Depth = 9> <RAM>
ST_3 : Operation 97 [2/2] (1.75ns)   --->   "%b_0_load_2 = load i8* %b_0_addr_2, align 1" [conv2d.cpp:16]   --->   Core 37 'RAM' <Latency = 1> <II = 1> <Delay = 1.75> <Storage> <Opcode : 'load' 'store'> <Ports = 2> <Width = 16> <Depth = 9> <RAM>
ST_3 : Operation 98 [1/2] (1.75ns)   --->   "%a_load_7 = load i8* %a_addr_7, align 1" [conv2d.cpp:16]   --->   Core 37 'RAM' <Latency = 1> <II = 1> <Delay = 1.75> <Storage> <Opcode : 'load' 'store'> <Ports = 2> <Width = 16> <Depth = 9> <RAM>
ST_3 : Operation 99 [1/1] (0.00ns)   --->   "%tmp_10_2_1 = sext i8 %a_load_7 to i16" [conv2d.cpp:16]
ST_3 : Operation 100 [1/2] (1.75ns)   --->   "%b_1_load_2 = load i8* %b_1_addr_2, align 1" [conv2d.cpp:16]   --->   Core 37 'RAM' <Latency = 1> <II = 1> <Delay = 1.75> <Storage> <Opcode : 'load' 'store'> <Ports = 2> <Width = 16> <Depth = 9> <RAM>
ST_3 : Operation 101 [1/1] (0.00ns)   --->   "%tmp_12_2_1 = sext i8 %b_1_load_2 to i16" [conv2d.cpp:16]
ST_3 : Operation 102 [1/1] (3.61ns)   --->   "%tmp_13_2_1 = mul i16 %tmp_10_2_1, %tmp_12_2_1" [conv2d.cpp:16]   --->   Core 16 'Mul' <Latency = 0> <II = 1> <Delay = 3.61> <FuncUnit> <Opcode : 'mul'> <InPorts = 2> <OutPorts = 1>
ST_3 : Operation 103 [1/2] (1.75ns)   --->   "%a_load_8 = load i8* %a_addr_8, align 1" [conv2d.cpp:16]   --->   Core 37 'RAM' <Latency = 1> <II = 1> <Delay = 1.75> <Storage> <Opcode : 'load' 'store'> <Ports = 2> <Width = 16> <Depth = 9> <RAM>
ST_3 : Operation 104 [1/1] (0.00ns)   --->   "%tmp_10_2_2 = sext i8 %a_load_8 to i16" [conv2d.cpp:16]
ST_3 : Operation 105 [1/2] (1.75ns)   --->   "%b_2_load_2 = load i8* %b_2_addr_2, align 1" [conv2d.cpp:16]   --->   Core 37 'RAM' <Latency = 1> <II = 1> <Delay = 1.75> <Storage> <Opcode : 'load' 'store'> <Ports = 2> <Width = 16> <Depth = 9> <RAM>
ST_3 : Operation 106 [1/1] (0.00ns)   --->   "%tmp_12_2_2 = sext i8 %b_2_load_2 to i16" [conv2d.cpp:16]
ST_3 : Operation 107 [1/1] (2.82ns)   --->   "%tmp_13_2_2 = mul i16 %tmp_10_2_2, %tmp_12_2_2" [conv2d.cpp:16]   --->   Core 61 'DSP48' <Latency = 0> <II = 1> <Delay = 5.55> <IPBlock> <Opcode : 'mul' 'add' 'sub' 'select'> <InPorts = 0> <OutPorts = 1> <Sync> <CReg>
ST_3 : Operation 108 [1/1] (2.73ns)   --->   "%tmp7 = add i16 %tmp_13_2_1, %tmp_13_2_2" [conv2d.cpp:16]   --->   Core 61 'DSP48' <Latency = 0> <II = 1> <Delay = 5.55> <IPBlock> <Opcode : 'mul' 'add' 'sub' 'select'> <InPorts = 0> <OutPorts = 1> <Sync> <CReg>

 <State 4> : 8.10ns
ST_4 : Operation 109 [1/1] (0.00ns)   --->   "%tmp_14_cast = zext i6 %tmp_11 to i64" [conv2d.cpp:16]
ST_4 : Operation 110 [1/1] (0.00ns)   --->   "%a_addr_3 = getelementptr [25 x i8]* %a, i64 0, i64 %tmp_14_cast" [conv2d.cpp:16]
ST_4 : Operation 111 [1/2] (1.75ns)   --->   "%a_load = load i8* %a_addr, align 1" [conv2d.cpp:16]   --->   Core 37 'RAM' <Latency = 1> <II = 1> <Delay = 1.75> <Storage> <Opcode : 'load' 'store'> <Ports = 2> <Width = 16> <Depth = 9> <RAM>
ST_4 : Operation 112 [1/1] (0.00ns)   --->   "%tmp_s = sext i8 %a_load to i16" [conv2d.cpp:16]
ST_4 : Operation 113 [1/1] (0.00ns)   --->   "%tmp_1 = sext i8 %b_0_load to i16" [conv2d.cpp:16]
ST_4 : Operation 114 [1/1] (2.82ns)   --->   "%tmp_4 = mul i16 %tmp_s, %tmp_1" [conv2d.cpp:16]   --->   Core 61 'DSP48' <Latency = 0> <II = 1> <Delay = 5.55> <IPBlock> <Opcode : 'mul' 'add' 'sub' 'select'> <InPorts = 0> <OutPorts = 1> <Sync> <CReg>
ST_4 : Operation 115 [1/2] (1.75ns)   --->   "%a_load_1 = load i8* %a_addr_1, align 1" [conv2d.cpp:16]   --->   Core 37 'RAM' <Latency = 1> <II = 1> <Delay = 1.75> <Storage> <Opcode : 'load' 'store'> <Ports = 2> <Width = 16> <Depth = 9> <RAM>
ST_4 : Operation 116 [1/1] (0.00ns)   --->   "%tmp_10_0_1 = sext i8 %a_load_1 to i16" [conv2d.cpp:16]
ST_4 : Operation 117 [1/1] (0.00ns)   --->   "%tmp_12_0_1 = sext i8 %b_1_load to i16" [conv2d.cpp:16]
ST_4 : Operation 118 [1/1] (3.61ns)   --->   "%tmp_13_0_1 = mul i16 %tmp_10_0_1, %tmp_12_0_1" [conv2d.cpp:16]   --->   Core 16 'Mul' <Latency = 0> <II = 1> <Delay = 3.61> <FuncUnit> <Opcode : 'mul'> <InPorts = 2> <OutPorts = 1>
ST_4 : Operation 119 [1/1] (0.00ns)   --->   "%tmp_20_cast = zext i6 %tmp_17 to i64" [conv2d.cpp:16]
ST_4 : Operation 120 [1/1] (0.00ns)   --->   "%a_addr_2 = getelementptr [25 x i8]* %a, i64 0, i64 %tmp_20_cast" [conv2d.cpp:16]
ST_4 : Operation 121 [2/2] (1.75ns)   --->   "%a_load_2 = load i8* %a_addr_2, align 1" [conv2d.cpp:16]   --->   Core 37 'RAM' <Latency = 1> <II = 1> <Delay = 1.75> <Storage> <Opcode : 'load' 'store'> <Ports = 2> <Width = 16> <Depth = 9> <RAM>
ST_4 : Operation 122 [2/2] (1.75ns)   --->   "%a_load_3 = load i8* %a_addr_3, align 1" [conv2d.cpp:16]   --->   Core 37 'RAM' <Latency = 1> <II = 1> <Delay = 1.75> <Storage> <Opcode : 'load' 'store'> <Ports = 2> <Width = 16> <Depth = 9> <RAM>
ST_4 : Operation 123 [1/2] (1.75ns)   --->   "%b_1_load_1 = load i8* %b_1_addr_1, align 1" [conv2d.cpp:16]   --->   Core 37 'RAM' <Latency = 1> <II = 1> <Delay = 1.75> <Storage> <Opcode : 'load' 'store'> <Ports = 2> <Width = 16> <Depth = 9> <RAM>
ST_4 : Operation 124 [1/2] (1.75ns)   --->   "%b_2_load_1 = load i8* %b_2_addr_1, align 1" [conv2d.cpp:16]   --->   Core 37 'RAM' <Latency = 1> <II = 1> <Delay = 1.75> <Storage> <Opcode : 'load' 'store'> <Ports = 2> <Width = 16> <Depth = 9> <RAM>
ST_4 : Operation 125 [1/2] (1.75ns)   --->   "%b_0_load_2 = load i8* %b_0_addr_2, align 1" [conv2d.cpp:16]   --->   Core 37 'RAM' <Latency = 1> <II = 1> <Delay = 1.75> <Storage> <Opcode : 'load' 'store'> <Ports = 2> <Width = 16> <Depth = 9> <RAM>
ST_4 : Operation 126 [1/1] (2.73ns)   --->   "%tmp2 = add i16 %tmp_13_0_1, %tmp_4" [conv2d.cpp:16]   --->   Core 61 'DSP48' <Latency = 0> <II = 1> <Delay = 5.55> <IPBlock> <Opcode : 'mul' 'add' 'sub' 'select'> <InPorts = 0> <OutPorts = 1> <Sync> <CReg>

 <State 5> : 8.10ns
ST_5 : Operation 127 [1/1] (0.00ns)   --->   "%tmp_18_cast = zext i6 %tmp_15 to i64" [conv2d.cpp:16]
ST_5 : Operation 128 [1/1] (0.00ns)   --->   "%a_addr_4 = getelementptr [25 x i8]* %a, i64 0, i64 %tmp_18_cast" [conv2d.cpp:16]
ST_5 : Operation 129 [1/1] (0.00ns)   --->   "%tmp_21_cast = zext i6 %tmp_18 to i64" [conv2d.cpp:16]
ST_5 : Operation 130 [1/1] (0.00ns)   --->   "%a_addr_5 = getelementptr [25 x i8]* %a, i64 0, i64 %tmp_21_cast" [conv2d.cpp:16]
ST_5 : Operation 131 [1/2] (1.75ns)   --->   "%a_load_2 = load i8* %a_addr_2, align 1" [conv2d.cpp:16]   --->   Core 37 'RAM' <Latency = 1> <II = 1> <Delay = 1.75> <Storage> <Opcode : 'load' 'store'> <Ports = 2> <Width = 16> <Depth = 9> <RAM>
ST_5 : Operation 132 [1/1] (0.00ns)   --->   "%tmp_10_0_2 = sext i8 %a_load_2 to i16" [conv2d.cpp:16]
ST_5 : Operation 133 [1/1] (0.00ns)   --->   "%tmp_12_0_2 = sext i8 %b_2_load to i16" [conv2d.cpp:16]
ST_5 : Operation 134 [1/1] (3.61ns)   --->   "%tmp_13_0_2 = mul i16 %tmp_10_0_2, %tmp_12_0_2" [conv2d.cpp:16]   --->   Core 16 'Mul' <Latency = 0> <II = 1> <Delay = 3.61> <FuncUnit> <Opcode : 'mul'> <InPorts = 2> <OutPorts = 1>
ST_5 : Operation 135 [1/2] (1.75ns)   --->   "%a_load_3 = load i8* %a_addr_3, align 1" [conv2d.cpp:16]   --->   Core 37 'RAM' <Latency = 1> <II = 1> <Delay = 1.75> <Storage> <Opcode : 'load' 'store'> <Ports = 2> <Width = 16> <Depth = 9> <RAM>
ST_5 : Operation 136 [1/1] (0.00ns)   --->   "%tmp_10_1 = sext i8 %a_load_3 to i16" [conv2d.cpp:16]
ST_5 : Operation 137 [1/1] (0.00ns)   --->   "%tmp_12_1 = sext i8 %b_0_load_1 to i16" [conv2d.cpp:16]
ST_5 : Operation 138 [1/1] (2.82ns)   --->   "%tmp_13_1 = mul i16 %tmp_10_1, %tmp_12_1" [conv2d.cpp:16]   --->   Core 61 'DSP48' <Latency = 0> <II = 1> <Delay = 5.55> <IPBlock> <Opcode : 'mul' 'add' 'sub' 'select'> <InPorts = 0> <OutPorts = 1> <Sync> <CReg>
ST_5 : Operation 139 [2/2] (1.75ns)   --->   "%a_load_4 = load i8* %a_addr_4, align 1" [conv2d.cpp:16]   --->   Core 37 'RAM' <Latency = 1> <II = 1> <Delay = 1.75> <Storage> <Opcode : 'load' 'store'> <Ports = 2> <Width = 16> <Depth = 9> <RAM>
ST_5 : Operation 140 [2/2] (1.75ns)   --->   "%a_load_5 = load i8* %a_addr_5, align 1" [conv2d.cpp:16]   --->   Core 37 'RAM' <Latency = 1> <II = 1> <Delay = 1.75> <Storage> <Opcode : 'load' 'store'> <Ports = 2> <Width = 16> <Depth = 9> <RAM>
ST_5 : Operation 141 [1/1] (2.73ns)   --->   "%tmp3 = add i16 %tmp_13_0_2, %tmp_13_1" [conv2d.cpp:16]   --->   Core 61 'DSP48' <Latency = 0> <II = 1> <Delay = 5.55> <IPBlock> <Opcode : 'mul' 'add' 'sub' 'select'> <InPorts = 0> <OutPorts = 1> <Sync> <CReg>

 <State 6> : 8.10ns
ST_6 : Operation 142 [1/1] (0.00ns)   --->   "%tmp_15_cast = zext i6 %tmp_12 to i64" [conv2d.cpp:16]
ST_6 : Operation 143 [1/1] (0.00ns)   --->   "%a_addr_6 = getelementptr [25 x i8]* %a, i64 0, i64 %tmp_15_cast" [conv2d.cpp:16]
ST_6 : Operation 144 [1/2] (1.75ns)   --->   "%a_load_4 = load i8* %a_addr_4, align 1" [conv2d.cpp:16]   --->   Core 37 'RAM' <Latency = 1> <II = 1> <Delay = 1.75> <Storage> <Opcode : 'load' 'store'> <Ports = 2> <Width = 16> <Depth = 9> <RAM>
ST_6 : Operation 145 [1/1] (0.00ns)   --->   "%tmp_10_1_1 = sext i8 %a_load_4 to i16" [conv2d.cpp:16]
ST_6 : Operation 146 [1/1] (0.00ns)   --->   "%tmp_12_1_1 = sext i8 %b_1_load_1 to i16" [conv2d.cpp:16]
ST_6 : Operation 147 [1/1] (3.61ns)   --->   "%tmp_13_1_1 = mul i16 %tmp_10_1_1, %tmp_12_1_1" [conv2d.cpp:16]   --->   Core 16 'Mul' <Latency = 0> <II = 1> <Delay = 3.61> <FuncUnit> <Opcode : 'mul'> <InPorts = 2> <OutPorts = 1>
ST_6 : Operation 148 [1/2] (1.75ns)   --->   "%a_load_5 = load i8* %a_addr_5, align 1" [conv2d.cpp:16]   --->   Core 37 'RAM' <Latency = 1> <II = 1> <Delay = 1.75> <Storage> <Opcode : 'load' 'store'> <Ports = 2> <Width = 16> <Depth = 9> <RAM>
ST_6 : Operation 149 [1/1] (0.00ns)   --->   "%tmp_10_1_2 = sext i8 %a_load_5 to i16" [conv2d.cpp:16]
ST_6 : Operation 150 [1/1] (0.00ns)   --->   "%tmp_12_1_2 = sext i8 %b_2_load_1 to i16" [conv2d.cpp:16]
ST_6 : Operation 151 [1/1] (2.82ns)   --->   "%tmp_13_1_2 = mul i16 %tmp_10_1_2, %tmp_12_1_2" [conv2d.cpp:16]   --->   Core 61 'DSP48' <Latency = 0> <II = 1> <Delay = 5.55> <IPBlock> <Opcode : 'mul' 'add' 'sub' 'select'> <InPorts = 0> <OutPorts = 1> <Sync> <CReg>
ST_6 : Operation 152 [2/2] (1.75ns)   --->   "%a_load_6 = load i8* %a_addr_6, align 1" [conv2d.cpp:16]   --->   Core 37 'RAM' <Latency = 1> <II = 1> <Delay = 1.75> <Storage> <Opcode : 'load' 'store'> <Ports = 2> <Width = 16> <Depth = 9> <RAM>
ST_6 : Operation 153 [1/1] (2.73ns)   --->   "%tmp5 = add i16 %tmp_13_1_1, %tmp_13_1_2" [conv2d.cpp:16]   --->   Core 61 'DSP48' <Latency = 0> <II = 1> <Delay = 5.55> <IPBlock> <Opcode : 'mul' 'add' 'sub' 'select'> <InPorts = 0> <OutPorts = 1> <Sync> <CReg>

 <State 7> : 7.30ns
ST_7 : Operation 154 [1/2] (1.75ns)   --->   "%a_load_6 = load i8* %a_addr_6, align 1" [conv2d.cpp:16]   --->   Core 37 'RAM' <Latency = 1> <II = 1> <Delay = 1.75> <Storage> <Opcode : 'load' 'store'> <Ports = 2> <Width = 16> <Depth = 9> <RAM>
ST_7 : Operation 155 [1/1] (0.00ns)   --->   "%tmp_10_2 = sext i8 %a_load_6 to i16" [conv2d.cpp:16]
ST_7 : Operation 156 [1/1] (0.00ns)   --->   "%tmp_12_2 = sext i8 %b_0_load_2 to i16" [conv2d.cpp:16]
ST_7 : Operation 157 [1/1] (2.82ns)   --->   "%tmp_13_2 = mul i16 %tmp_10_2, %tmp_12_2" [conv2d.cpp:16]   --->   Core 61 'DSP48' <Latency = 0> <II = 1> <Delay = 5.55> <IPBlock> <Opcode : 'mul' 'add' 'sub' 'select'> <InPorts = 0> <OutPorts = 1> <Sync> <CReg>
ST_7 : Operation 158 [1/1] (2.73ns)   --->   "%tmp6 = add i16 %tmp7, %tmp_13_2" [conv2d.cpp:16]   --->   Core 61 'DSP48' <Latency = 0> <II = 1> <Delay = 5.55> <IPBlock> <Opcode : 'mul' 'add' 'sub' 'select'> <InPorts = 0> <OutPorts = 1> <Sync> <CReg>

 <State 8> : 6.67ns
ST_8 : Operation 159 [1/1] (0.00ns)   --->   "call void (...)* @_ssdm_op_SpecLoopName([8 x i8]* @Row_Col_str)"
ST_8 : Operation 160 [1/1] (0.00ns)   --->   "call void (...)* @_ssdm_op_SpecLoopName([4 x i8]* @p_str3) nounwind" [conv2d.cpp:11]
ST_8 : Operation 161 [1/1] (0.00ns)   --->   "%tmp_5 = call i32 (...)* @_ssdm_op_SpecRegionBegin([4 x i8]* @p_str3) nounwind" [conv2d.cpp:11]
ST_8 : Operation 162 [1/1] (0.00ns)   --->   "call void (...)* @_ssdm_op_SpecPipeline(i32 1, i32 1, i32 1, i32 0, [1 x i8]* @p_str1) nounwind" [conv2d.cpp:12]
ST_8 : Operation 163 [1/1] (0.00ns)   --->   "%tmp_16_cast = zext i5 %tmp_13 to i64" [conv2d.cpp:13]
ST_8 : Operation 164 [1/1] (0.00ns)   --->   "%res_addr = getelementptr [9 x i16]* %res, i64 0, i64 %tmp_16_cast" [conv2d.cpp:13]
ST_8 : Operation 165 [1/1] (0.00ns) (grouped into TernaryAdder)   --->   "%tmp1 = add i16 %tmp3, %tmp2" [conv2d.cpp:16]   --->   Core 80 'TAddSub' <Latency = 0> <II = 1> <Delay = 1.59> <IPBlock> <Opcode : 'add' 'sub'> <InPorts = 3> <OutPorts = 1> <Sync> <CReg>
ST_8 : Operation 166 [1/1] (1.72ns)   --->   "%tmp4 = add i16 %tmp6, %tmp5" [conv2d.cpp:16]   --->   Core 14 'AddSub' <Latency = 0> <II = 1> <Delay = 1.72> <FuncUnit> <Opcode : 'add' 'sub'> <InPorts = 2> <OutPorts = 1>
ST_8 : Operation 167 [1/1] (3.18ns) (root node of TernaryAdder)   --->   "%tmp_14_2_2 = add i16 %tmp4, %tmp1" [conv2d.cpp:16]   --->   Core 80 'TAddSub' <Latency = 0> <II = 1> <Delay = 1.59> <IPBlock> <Opcode : 'add' 'sub'> <InPorts = 3> <OutPorts = 1> <Sync> <CReg>
ST_8 : Operation 168 [1/1] (1.75ns)   --->   "store i16 %tmp_14_2_2, i16* %res_addr, align 2" [conv2d.cpp:16]   --->   Core 37 'RAM' <Latency = 1> <II = 1> <Delay = 1.75> <Storage> <Opcode : 'load' 'store'> <Ports = 2> <Width = 16> <Depth = 9> <RAM>
ST_8 : Operation 169 [1/1] (0.00ns)   --->   "%empty_2 = call i32 (...)* @_ssdm_op_SpecRegionEnd([4 x i8]* @p_str3, i32 %tmp_5) nounwind" [conv2d.cpp:19]
ST_8 : Operation 170 [1/1] (0.00ns)   --->   "br label %1"

 <State 9> : 0.00ns
ST_9 : Operation 171 [1/1] (0.00ns)   --->   "ret void" [conv2d.cpp:21]


============================================================
+ Verbose Summary: Timing violations
============================================================
Target clock period: 10ns, clock uncertainty: 1.25ns.

 <State 1>: 1.3ns
The critical path consists of the following:
	multiplexor before 'phi' operation ('indvar_flatten') with incoming values : ('indvar_flatten_next') [23]  (1.3 ns)

 <State 2>: 8.42ns
The critical path consists of the following:
	'phi' operation ('i', conv2d.cpp:13) with incoming values : ('tmp_mid2', conv2d.cpp:13) [24]  (0 ns)
	'add' operation ('i', conv2d.cpp:16) [26]  (1.27 ns)
	'select' operation ('tmp_mid2', conv2d.cpp:13) [35]  (0.813 ns)
	'add' operation ('tmp_8_2_mid2_v', conv2d.cpp:16) [50]  (1.4 ns)
	'add' operation ('tmp_9', conv2d.cpp:16) [54]  (1.57 ns)
	'add' operation ('tmp_19', conv2d.cpp:16) [102]  (1.61 ns)
	'getelementptr' operation ('a_addr_8', conv2d.cpp:16) [104]  (0 ns)
	'load' operation ('a_load_8', conv2d.cpp:16) on array 'a' [135]  (1.75 ns)

 <State 3>: 8.1ns
The critical path consists of the following:
	'load' operation ('a_load_7', conv2d.cpp:16) on array 'a' [130]  (1.75 ns)
	'mul' operation ('tmp_13_2_1', conv2d.cpp:16) [134]  (3.61 ns)
	'add' operation ('tmp7', conv2d.cpp:16) [144]  (2.73 ns)

 <State 4>: 8.1ns
The critical path consists of the following:
	'load' operation ('a_load_1', conv2d.cpp:16) on array 'a' [89]  (1.75 ns)
	'mul' operation ('tmp_13_0_1', conv2d.cpp:16) [93]  (3.61 ns)
	'add' operation ('tmp2', conv2d.cpp:16) [140]  (2.73 ns)

 <State 5>: 8.1ns
The critical path consists of the following:
	'load' operation ('a_load_2', conv2d.cpp:16) on array 'a' [105]  (1.75 ns)
	'mul' operation ('tmp_13_0_2', conv2d.cpp:16) [109]  (3.61 ns)
	'add' operation ('tmp3', conv2d.cpp:16) [141]  (2.73 ns)

 <State 6>: 8.1ns
The critical path consists of the following:
	'load' operation ('a_load_4', conv2d.cpp:16) on array 'a' [115]  (1.75 ns)
	'mul' operation ('tmp_13_1_1', conv2d.cpp:16) [119]  (3.61 ns)
	'add' operation ('tmp5', conv2d.cpp:16) [143]  (2.73 ns)

 <State 7>: 7.3ns
The critical path consists of the following:
	'load' operation ('a_load_6', conv2d.cpp:16) on array 'a' [125]  (1.75 ns)
	'mul' operation ('tmp_13_2', conv2d.cpp:16) [129]  (2.82 ns)
	'add' operation ('tmp6', conv2d.cpp:16) [145]  (2.73 ns)

 <State 8>: 6.67ns
The critical path consists of the following:
	'add' operation ('tmp4', conv2d.cpp:16) [146]  (1.73 ns)
	'add' operation ('tmp_14_2_2', conv2d.cpp:16) [147]  (3.19 ns)
	'store' operation (conv2d.cpp:16) of variable 'tmp_14_2_2', conv2d.cpp:16 on array 'res' [148]  (1.75 ns)

 <State 9>: 0ns
The critical path consists of the following:


============================================================
+ Verbose Summary: Binding
============================================================
N/A
* FSMD analyzer results:
  - Output states:
 - Input state : 
  - Chain level:
	State 1
	State 2
	State 3
	State 4
	State 5
	State 6
	State 7
	State 8
	State 9


============================================================
+ Verbose Summary: Datapath Resource usage 
============================================================
N/A
